// Jest Snapshot v1, https://goo.gl/fbAQLP

exports[`Day  renders correctly 1`] = `
ShallowWrapper {
  Symbol(enzyme.__root__): [Circular],
  Symbol(enzyme.__unrendered__): <Day
    day="Monday"
    hours={
      Array [
        Object {
          "type": "open",
          "value": "12 PM",
        },
        Object {
          "type": "close",
          "value": " -  - 8 PM",
        },
      ]
    }
  />,
  Symbol(enzyme.__renderer__): Object {
    "batchedUpdates": [Function],
    "getNode": [Function],
    "render": [Function],
    "simulateError": [Function],
    "simulateEvent": [Function],
    "unmount": [Function],
  },
  Symbol(enzyme.__node__): Object {
    "instance": null,
    "key": undefined,
    "nodeType": "host",
    "props": Object {
      "children": Array [
        <div
          style={
            Object {
              "display": "flex",
              "flexDirection": "column",
              "justifyContent": "center",
              "minWidth": "140px",
            }
          }
        >
          <span>
            Monday
            
          </span>
        </div>,
        <div
          style={
            Object {
              "color": "rgba(32,33,37,1)",
              "display": "flex",
              "flexWrap": "wrap",
              "fontFamily": "Circular Std Book",
              "justifyContent": "flex-end",
            }
          }
        >
          <span
            style={
              Object {
                "whiteSpace": "nowrap",
              }
            }
          >
            12 PM
             -  - 8 PM
            
          </span>
        </div>,
      ],
      "style": Object {
        "borderBottom": "1px solid rgba(32,33,37,0.08)",
        "display": "flex",
        "fontSize": "16px",
        "justifyContent": "space-between",
        "lineHeight": "22px",
        "paddingBottom": "7px",
        "paddingTop": "7px",
        "width": "100%",
      },
    },
    "ref": null,
    "rendered": Array [
      Object {
        "instance": null,
        "key": undefined,
        "nodeType": "host",
        "props": Object {
          "children": <span>
            Monday
            
          </span>,
          "style": Object {
            "display": "flex",
            "flexDirection": "column",
            "justifyContent": "center",
            "minWidth": "140px",
          },
        },
        "ref": null,
        "rendered": Object {
          "instance": null,
          "key": undefined,
          "nodeType": "host",
          "props": Object {
            "children": Array [
              "Monday",
              "",
            ],
          },
          "ref": null,
          "rendered": Array [
            "Monday",
            "",
          ],
          "type": "span",
        },
        "type": "div",
      },
      Object {
        "instance": null,
        "key": undefined,
        "nodeType": "host",
        "props": Object {
          "children": Array [
            <span
              style={
                Object {
                  "whiteSpace": "nowrap",
                }
              }
            >
              12 PM
               -  - 8 PM
              
            </span>,
          ],
          "style": Object {
            "color": "rgba(32,33,37,1)",
            "display": "flex",
            "flexWrap": "wrap",
            "fontFamily": "Circular Std Book",
            "justifyContent": "flex-end",
          },
        },
        "ref": null,
        "rendered": Array [
          Object {
            "instance": null,
            "key": "0",
            "nodeType": "host",
            "props": Object {
              "children": Array [
                "12 PM",
                " -  - 8 PM",
                "",
              ],
              "style": Object {
                "whiteSpace": "nowrap",
              },
            },
            "ref": null,
            "rendered": Array [
              "12 PM",
              " -  - 8 PM",
              "",
            ],
            "type": "span",
          },
        ],
        "type": "div",
      },
    ],
    "type": "div",
  },
  Symbol(enzyme.__nodes__): Array [
    Object {
      "instance": null,
      "key": undefined,
      "nodeType": "host",
      "props": Object {
        "children": Array [
          <div
            style={
              Object {
                "display": "flex",
                "flexDirection": "column",
                "justifyContent": "center",
                "minWidth": "140px",
              }
            }
          >
            <span>
              Monday
              
            </span>
          </div>,
          <div
            style={
              Object {
                "color": "rgba(32,33,37,1)",
                "display": "flex",
                "flexWrap": "wrap",
                "fontFamily": "Circular Std Book",
                "justifyContent": "flex-end",
              }
            }
          >
            <span
              style={
                Object {
                  "whiteSpace": "nowrap",
                }
              }
            >
              12 PM
               -  - 8 PM
              
            </span>
          </div>,
        ],
        "style": Object {
          "borderBottom": "1px solid rgba(32,33,37,0.08)",
          "display": "flex",
          "fontSize": "16px",
          "justifyContent": "space-between",
          "lineHeight": "22px",
          "paddingBottom": "7px",
          "paddingTop": "7px",
          "width": "100%",
        },
      },
      "ref": null,
      "rendered": Array [
        Object {
          "instance": null,
          "key": undefined,
          "nodeType": "host",
          "props": Object {
            "children": <span>
              Monday
              
            </span>,
            "style": Object {
              "display": "flex",
              "flexDirection": "column",
              "justifyContent": "center",
              "minWidth": "140px",
            },
          },
          "ref": null,
          "rendered": Object {
            "instance": null,
            "key": undefined,
            "nodeType": "host",
            "props": Object {
              "children": Array [
                "Monday",
                "",
              ],
            },
            "ref": null,
            "rendered": Array [
              "Monday",
              "",
            ],
            "type": "span",
          },
          "type": "div",
        },
        Object {
          "instance": null,
          "key": undefined,
          "nodeType": "host",
          "props": Object {
            "children": Array [
              <span
                style={
                  Object {
                    "whiteSpace": "nowrap",
                  }
                }
              >
                12 PM
                 -  - 8 PM
                
              </span>,
            ],
            "style": Object {
              "color": "rgba(32,33,37,1)",
              "display": "flex",
              "flexWrap": "wrap",
              "fontFamily": "Circular Std Book",
              "justifyContent": "flex-end",
            },
          },
          "ref": null,
          "rendered": Array [
            Object {
              "instance": null,
              "key": "0",
              "nodeType": "host",
              "props": Object {
                "children": Array [
                  "12 PM",
                  " -  - 8 PM",
                  "",
                ],
                "style": Object {
                  "whiteSpace": "nowrap",
                },
              },
              "ref": null,
              "rendered": Array [
                "12 PM",
                " -  - 8 PM",
                "",
              ],
              "type": "span",
            },
          ],
          "type": "div",
        },
      ],
      "type": "div",
    },
  ],
  Symbol(enzyme.__options__): Object {
    "adapter": ReactSixteenAdapter {
      "options": Object {
        "enableComponentDidUpdateOnSetState": true,
        "lifecycles": Object {
          "componentDidUpdate": Object {
            "onSetState": true,
          },
          "getDerivedStateFromProps": true,
          "getSnapshotBeforeUpdate": true,
          "setState": Object {
            "skipsComponentDidUpdateOnNullish": true,
          },
        },
      },
    },
    "attachTo": undefined,
    "hydrateIn": undefined,
  },
}
`;
